// Jest Snapshot v1, https://goo.gl/fbAQLP

exports[`renders correctly 1`] = `
<Header
  classes={
    Object {
      "appBar": "Header-appBar-1",
      "appBarShift": "Header-appBarShift-2",
      "flex": "Header-flex-6",
      "hide": "Header-hide-5",
      "isStatic": "Header-isStatic-3",
      "menuButton": "Header-menuButton-4",
      "title": "Header-title-7",
    }
  }
  isFixed={true}
  isOpen={true}
  onClick={[Function]}
  onDrawerOpen={[Function]}
  title="Header"
/>
`;
