// Jest Snapshot v1, https://goo.gl/fbAQLP

exports[`renders correctly 1`] = `
<Header
  classes={
    Object {
      "appBar": "Header-appBar-2",
      "appBarShift": "Header-appBarShift-3",
      "flex": "Header-flex-7",
      "hide": "Header-hide-6",
      "isStatic": "Header-isStatic-4",
      "menuButton": "Header-menuButton-5",
      "root": "Header-root-1",
      "title": "Header-title-8",
    }
  }
  isFixed={true}
  isOpen={true}
  onClick={[Function]}
  onDrawerOpen={[Function]}
  title="Header"
/>
`;
