// Jest Snapshot v1, https://goo.gl/fbAQLP

exports[`renders correctly 1`] = `
<div>
  <div
    className="DashboardGroup-headline-1"
  >
    <h1
      className="MuiTypography-root-2 MuiTypography-headline-7"
    >
      Title
    </h1>
  </div>
  <div
    className="MuiGrid-container-27 MuiGrid-spacing-xs-16-50"
  >
    <div
      className="MuiGrid-item-28 MuiGrid-grid-xs-12-67 MuiGrid-grid-sm-4-73"
    >
      <div
        className="MuiPaper-root-131 MuiPaper-elevation1-134 MuiPaper-rounded-132 MuiCard-root-130 DashboardCard-root-124"
        onClick={[Function]}
      >
        <div
          className="MuiCardContent-root-158 DashboardCard-content-125"
        >
          <h2
            className="MuiTypography-root-2 MuiTypography-headline-7 DashboardCard-title-127"
          >
            title
          </h2>
          <p
            className="MuiTypography-root-2 MuiTypography-body1-11"
          >
            desc
          </p>
        </div>
      </div>
    </div>
  </div>
</div>
`;
