// Jest Snapshot v1, https://goo.gl/fbAQLP

exports[`renders correctly 1`] = `
<div
  className="DashboardBranch-root-1"
>
  <div
    className="DashboardBranch-headline-2"
  >
    <h1
      className="MuiTypography-root-3 MuiTypography-display2-6"
    >
      Backoffice
    </h1>
    <p
      className="MuiTypography-root-3 MuiTypography-body1-12"
    >
      Visual Testing for Backoffice Framework
    </p>
  </div>
  <div>
    <div
      className="DashboardGroup-headline-28"
    >
      <h1
        className="MuiTypography-root-3 MuiTypography-headline-8"
      >
        Title
      </h1>
    </div>
    <div
      className="MuiGrid-container-29 MuiGrid-spacing-xs-16-52"
    >
      <div
        className="MuiGrid-item-30 MuiGrid-grid-xs-12-69 MuiGrid-grid-sm-4-75"
      >
        <div
          className="MuiPaper-root-133 MuiPaper-elevation1-136 MuiPaper-rounded-134 MuiCard-root-132 DashboardCard-root-126"
          onClick={[Function]}
        >
          <div
            className="MuiCardContent-root-160 DashboardCard-content-127"
          >
            <h2
              className="MuiTypography-root-3 MuiTypography-headline-8 DashboardCard-title-129"
            >
              title
            </h2>
            <p
              className="MuiTypography-root-3 MuiTypography-body1-12"
            >
              desc
            </p>
          </div>
        </div>
      </div>
    </div>
  </div>
</div>
`;
