// Jest Snapshot v1, https://goo.gl/fbAQLP

exports[`renders correctly 1`] = `
<div>
  <div
    className="DashboardGroup-headline-1"
  >
    <h1
      className="MuiTypography-root-2 MuiTypography-headline-7"
    >
      Title
    </h1>
  </div>
  <div
    className="MuiGrid-container-26 MuiGrid-spacing-xs-16-48"
  >
    <div
      className="MuiGrid-item-27 MuiGrid-grid-xs-12-63 MuiGrid-grid-sm-4-68"
    >
      <div
        className="MuiPaper-root-123 MuiPaper-elevation2-127 MuiPaper-rounded-124 MuiCard-root-122 DashboardCard-root-116"
        onClick={[Function]}
      >
        <div
          className="MuiCardContent-root-150 DashboardCard-content-117"
        >
          <h2
            className="MuiTypography-root-2 MuiTypography-headline-7 DashboardCard-title-119"
          >
            title
          </h2>
          <p
            className="MuiTypography-root-2 MuiTypography-body1-11"
          >
            desc
          </p>
        </div>
      </div>
    </div>
  </div>
</div>
`;
