// Jest Snapshot v1, https://goo.gl/fbAQLP

exports[`renders correctly 1`] = `
<WithStyles(ListingSearchBranch)
  getSearchRef={[Function]}
  onClick={[Function]}
  onFilter={[Function]}
  open={false}
/>
`;

exports[`renders correctly when open 1`] = `
<WithStyles(ListingSearchBranch)
  getSearchRef={[Function]}
  onClick={[Function]}
  onFilter={[Function]}
  open={false}
/>
`;
