// Jest Snapshot v1, https://goo.gl/fbAQLP

exports[`renders correctly 1`] = `
<ListingToolbar
  classes={
    Object {
      "actions": "ListingToolbar-actions-4",
      "highlight": "ListingToolbar-highlight-2",
      "root": "ListingToolbar-root-1",
      "spacer": "ListingToolbar-spacer-3",
      "title": "ListingToolbar-title-5",
    }
  }
  numSelected={0}
  onFilter={[Function]}
  title=""
/>
`;
