// Jest Snapshot v1, https://goo.gl/fbAQLP

exports[`renders correctly 1`] = `
<div
  className="MuiToolbar-root-6 MuiToolbar-gutters-7 ListingToolbar-root-1"
>
  <div
    className="ListingToolbar-title-5"
  >
    <h2
      className="MuiTypography-root-8 MuiTypography-title-14"
    >
      
    </h2>
  </div>
  <div
    className="ListingToolbar-spacer-3"
  />
  <div
    className="ListingToolbar-actions-4"
  >
    <div
      className="ListingSearchBranch-root-32"
    >
      <div
        aria-describedby={undefined}
        className="MuiFormControl-root-35 ListingSearchBranch-field-33"
        onBlur={[Function]}
        onFocus={[Function]}
      >
        <div
          className="MuiInput-root-39 MuiInput-formControl-40 MuiInput-underline-43"
          onBlur={[Function]}
          onFocus={[Function]}
        >
          <input
            aria-invalid={false}
            aria-required={false}
            autoComplete={undefined}
            autoFocus={undefined}
            className="MuiInput-input-47 MuiInput-inputType-51 MuiInput-inputTypeSearch-52"
            defaultValue={undefined}
            disabled={false}
            id={undefined}
            name={undefined}
            onChange={[Function]}
            onKeyDown={undefined}
            onKeyUp={undefined}
            placeholder="Filter"
            readOnly={undefined}
            required={undefined}
            rows={undefined}
            type="search"
            value={undefined}
          />
        </div>
      </div>
      <div
        className="MuiTooltip-root-53"
      >
        <button
          aria-describedby={undefined}
          className="MuiButtonBase-root-68 MuiIconButton-root-62"
          disabled={false}
          onBlur={[Function]}
          onClick={[Function]}
          onFocus={[Function]}
          onKeyDown={[Function]}
          onKeyUp={[Function]}
          onMouseDown={[Function]}
          onMouseLeave={[Function]}
          onMouseOver={[Function]}
          onMouseUp={[Function]}
          onTouchEnd={[Function]}
          onTouchMove={[Function]}
          onTouchStart={[Function]}
          tabIndex="0"
          type="button"
        >
          <span
            className="MuiIconButton-label-67"
          >
            <svg
              aria-hidden="true"
              className="MuiSvgIcon-root-70"
              color={undefined}
              focusable="false"
              viewBox="0 0 24 24"
            >
              <path
                d="M15.5 14h-.79l-.28-.27C15.41 12.59 16 11.11 16 9.5 16 5.91 13.09 3 9.5 3S3 5.91 3 9.5 5.91 16 9.5 16c1.61 0 3.09-.59 4.23-1.57l.27.28v.79l5 4.99L20.49 19l-4.99-5zm-6 0C7.01 14 5 11.99 5 9.5S7.01 5 9.5 5 14 7.01 14 9.5 11.99 14 9.5 14z"
              />
            </svg>
          </span>
          <span
            className="MuiTouchRipple-root-76"
          />
        </button>
        <div
          className="MuiTooltip-popper-54 MuiTooltip-popperClose-55"
          data-placement={undefined}
          data-x-out-of-boundaries={undefined}
          style={
            Object {
              "left": 0,
              "opacity": 0,
              "pointerEvents": "none",
              "position": "absolute",
              "top": 0,
            }
          }
        >
          <div
            aria-hidden={true}
            className="MuiTooltip-tooltip-56 MuiTooltip-tooltipPlacementBottom-60"
            id={undefined}
            role="tooltip"
          >
            Search
          </div>
        </div>
      </div>
    </div>
  </div>
</div>
`;
