// Jest Snapshot v1, https://goo.gl/fbAQLP

exports[`renders correctly 1`] = `
<ForwardRef(Table)
  classes={
    Object {
      "root": "MuiTable-root",
    }
  }
>
  <ListingHeader
    headers={
      Array [
        Object {
          "id": "name",
          "label": "Name",
        },
      ]
    }
    numSelected={0}
    onRequestSort={[Function]}
    onSelectAllClick={[Function]}
    order="asc"
    orderBy="name"
    rowCount={0}
  />
</ForwardRef(Table)>
`;
