// Jest Snapshot v1, https://goo.gl/fbAQLP

exports[`Back Button renders correctly 1`] = `
<button
  className="MuiButtonBase-root-17 MuiButton-root-2"
  disabled={false}
  onBlur={[Function]}
  onClick={[Function]}
  onFocus={[Function]}
  onKeyDown={[Function]}
  onKeyUp={[Function]}
  onMouseDown={[Function]}
  onMouseLeave={[Function]}
  onMouseUp={[Function]}
  onTouchEnd={[Function]}
  onTouchMove={[Function]}
  onTouchStart={[Function]}
  tabIndex="0"
  type="button"
>
  <span
    className="MuiButton-label-3"
  >
    <svg
      aria-hidden="true"
      className="MuiSvgIcon-root-19 BackButtonBranch-leftIcon-1"
      color={undefined}
      focusable="false"
      viewBox="0 0 24 24"
    >
      <path
        d="M15.41 16.09l-4.58-4.59 4.58-4.59L14 5.5l-6 6 6 6z"
      />
    </svg>
    Back
  </span>
  <span
    className="MuiTouchRipple-root-25"
  />
</button>
`;
