// Jest Snapshot v1, https://goo.gl/fbAQLP

exports[`renders correctly 1`] = `
<Router
  history={
    Object {
      "action": "POP",
      "block": [Function],
      "createHref": [Function],
      "go": [Function],
      "goBack": [Function],
      "goForward": [Function],
      "length": 1,
      "listen": [Function],
      "location": Object {
        "hash": "",
        "pathname": "/",
        "search": "",
        "state": undefined,
      },
      "push": [Function],
      "replace": [Function],
    }
  }
>
  <WithStyles(NoMatch)
    title="Title"
  />
</Router>
`;

exports[`renders correctly with description 1`] = `
<NoMatch
  classes={
    Object {
      "root": "NoMatch-root-1",
    }
  }
  description={
    <p>
      Desc
    </p>
  }
  title="Title"
/>
`;
