// Jest Snapshot v1, https://goo.gl/fbAQLP

exports[`Tabs renders correctly 1`] = `
<withRouter(WithStyles(Tabs))
  data={
    Array [
      Object {
        "content": <p>
          Content
        </p>,
        "title": "Title",
      },
    ]
  }
/>
`;

exports[`Tabs renders correctly if no data 1`] = `
<withRouter(WithStyles(Tabs))
  data={Array []}
/>
`;
